// Jest Snapshot v1, https://goo.gl/fbAQLP

exports[`<Player /> renders the <Player /> with a bunny video 1`] = `
<div
  class="player__Container-sc-eyh9yx-0"
>
  <button
    class="player__Button-sc-eyh9yx-3 gTGtWR"
  >
    Play
  </button>
</div>
`;
